ERROR - 2026-06-17 06:20:57 --> Error connecting to the database: mysqli_sql_exception: No such file or directory in /home/harena/Documents/ITU/S4/Système d’information/Caisse-supermarch-/system/Database/MySQLi/Connection.php:201
Stack trace:
#0 /home/harena/Documents/ITU/S4/Système d’information/Caisse-supermarch-/system/Database/MySQLi/Connection.php(201): mysqli->real_connect()
#1 /home/harena/Documents/ITU/S4/Système d’information/Caisse-supermarch-/system/Database/BaseConnection.php(555): CodeIgniter\Database\MySQLi\Connection->connect()
#2 /home/harena/Documents/ITU/S4/Système d’information/Caisse-supermarch-/system/Database/BaseConnection.php(795): CodeIgniter\Database\BaseConnection->initialize()
#3 /home/harena/Documents/ITU/S4/Système d’information/Caisse-supermarch-/system/Database/BaseConnection.php(1706): CodeIgniter\Database\BaseConnection->query()
#4 /home/harena/Documents/ITU/S4/Système d’information/Caisse-supermarch-/system/Database/BaseConnection.php(1726): CodeIgniter\Database\BaseConnection->listTables()
#5 /home/harena/Documents/ITU/S4/Système d’information/Caisse-supermarch-/system/Database/MigrationRunner.php(821): CodeIgniter\Database\BaseConnection->tableExists()
#6 /home/harena/Documents/ITU/S4/Système d’information/Caisse-supermarch-/system/Database/MigrationRunner.php(173): CodeIgniter\Database\MigrationRunner->ensureTable()
#7 /home/harena/Documents/ITU/S4/Système d’information/Caisse-supermarch-/system/Commands/Database/Migrate.php(89): CodeIgniter\Database\MigrationRunner->latest()
#8 /home/harena/Documents/ITU/S4/Système d’information/Caisse-supermarch-/system/CLI/SignalTrait.php(245): CodeIgniter\Commands\Database\Migrate::{closure:CodeIgniter\Commands\Database\Migrate::run():88}()
#9 /home/harena/Documents/ITU/S4/Système d’information/Caisse-supermarch-/system/Commands/Database/Migrate.php(88): CodeIgniter\Commands\Database\Migrate->withSignalsBlocked()
#10 /home/harena/Documents/ITU/S4/Système d’information/Caisse-supermarch-/system/CLI/Commands.php(74): CodeIgniter\Commands\Database\Migrate->run()
#11 /home/harena/Documents/ITU/S4/Système d’information/Caisse-supermarch-/system/CLI/Console.php(47): CodeIgniter\CLI\Commands->run()
#12 /home/harena/Documents/ITU/S4/Système d’information/Caisse-supermarch-/system/Boot.php(442): CodeIgniter\CLI\Console->run()
#13 /home/harena/Documents/ITU/S4/Système d’information/Caisse-supermarch-/system/Boot.php(166): CodeIgniter\Boot::runCommand()
#14 /home/harena/Documents/ITU/S4/Système d’information/Caisse-supermarch-/spark(87): CodeIgniter\Boot::bootSpark()
#15 {main}

Next CodeIgniter\Database\Exceptions\DatabaseException: No such file or directory in /home/harena/Documents/ITU/S4/Système d’information/Caisse-supermarch-/system/Database/MySQLi/Connection.php:231
Stack trace:
#0 /home/harena/Documents/ITU/S4/Système d’information/Caisse-supermarch-/system/Database/BaseConnection.php(555): CodeIgniter\Database\MySQLi\Connection->connect()
#1 /home/harena/Documents/ITU/S4/Système d’information/Caisse-supermarch-/system/Database/BaseConnection.php(795): CodeIgniter\Database\BaseConnection->initialize()
#2 /home/harena/Documents/ITU/S4/Système d’information/Caisse-supermarch-/system/Database/BaseConnection.php(1706): CodeIgniter\Database\BaseConnection->query()
#3 /home/harena/Documents/ITU/S4/Système d’information/Caisse-supermarch-/system/Database/BaseConnection.php(1726): CodeIgniter\Database\BaseConnection->listTables()
#4 /home/harena/Documents/ITU/S4/Système d’information/Caisse-supermarch-/system/Database/MigrationRunner.php(821): CodeIgniter\Database\BaseConnection->tableExists()
#5 /home/harena/Documents/ITU/S4/Système d’information/Caisse-supermarch-/system/Database/MigrationRunner.php(173): CodeIgniter\Database\MigrationRunner->ensureTable()
#6 /home/harena/Documents/ITU/S4/Système d’information/Caisse-supermarch-/system/Commands/Database/Migrate.php(89): CodeIgniter\Database\MigrationRunner->latest()
#7 /home/harena/Documents/ITU/S4/Système d’information/Caisse-supermarch-/system/CLI/SignalTrait.php(245): CodeIgniter\Commands\Database\Migrate::{closure:CodeIgniter\Commands\Database\Migrate::run():88}()
#8 /home/harena/Documents/ITU/S4/Système d’information/Caisse-supermarch-/system/Commands/Database/Migrate.php(88): CodeIgniter\Commands\Database\Migrate->withSignalsBlocked()
#9 /home/harena/Documents/ITU/S4/Système d’information/Caisse-supermarch-/system/CLI/Commands.php(74): CodeIgniter\Commands\Database\Migrate->run()
#10 /home/harena/Documents/ITU/S4/Système d’information/Caisse-supermarch-/system/CLI/Console.php(47): CodeIgniter\CLI\Commands->run()
#11 /home/harena/Documents/ITU/S4/Système d’information/Caisse-supermarch-/system/Boot.php(442): CodeIgniter\CLI\Console->run()
#12 /home/harena/Documents/ITU/S4/Système d’information/Caisse-supermarch-/system/Boot.php(166): CodeIgniter\Boot::runCommand()
#13 /home/harena/Documents/ITU/S4/Système d’information/Caisse-supermarch-/spark(87): CodeIgniter\Boot::bootSpark()
#14 {main}
ERROR - 2026-06-17 06:21:03 --> Error connecting to the database: mysqli_sql_exception: No such file or directory in /home/harena/Documents/ITU/S4/Système d’information/Caisse-supermarch-/system/Database/MySQLi/Connection.php:201
Stack trace:
#0 /home/harena/Documents/ITU/S4/Système d’information/Caisse-supermarch-/system/Database/MySQLi/Connection.php(201): mysqli->real_connect()
#1 /home/harena/Documents/ITU/S4/Système d’information/Caisse-supermarch-/system/Database/BaseConnection.php(555): CodeIgniter\Database\MySQLi\Connection->connect()
#2 /home/harena/Documents/ITU/S4/Système d’information/Caisse-supermarch-/system/Database/Database.php(74): CodeIgniter\Database\BaseConnection->initialize()
#3 /home/harena/Documents/ITU/S4/Système d’information/Caisse-supermarch-/system/Database/Config.php(111): CodeIgniter\Database\Database->loadForge()
#4 /home/harena/Documents/ITU/S4/Système d’information/Caisse-supermarch-/system/Database/Seeder.php(103): CodeIgniter\Database\Config::forge()
#5 /home/harena/Documents/ITU/S4/Système d’information/Caisse-supermarch-/system/Commands/Database/Seed.php(71): CodeIgniter\Database\Seeder->__construct()
#6 /home/harena/Documents/ITU/S4/Système d’information/Caisse-supermarch-/system/CLI/Commands.php(74): CodeIgniter\Commands\Database\Seed->run()
#7 /home/harena/Documents/ITU/S4/Système d’information/Caisse-supermarch-/system/CLI/Console.php(47): CodeIgniter\CLI\Commands->run()
#8 /home/harena/Documents/ITU/S4/Système d’information/Caisse-supermarch-/system/Boot.php(442): CodeIgniter\CLI\Console->run()
#9 /home/harena/Documents/ITU/S4/Système d’information/Caisse-supermarch-/system/Boot.php(166): CodeIgniter\Boot::runCommand()
#10 /home/harena/Documents/ITU/S4/Système d’information/Caisse-supermarch-/spark(87): CodeIgniter\Boot::bootSpark()
#11 {main}

Next CodeIgniter\Database\Exceptions\DatabaseException: No such file or directory in /home/harena/Documents/ITU/S4/Système d’information/Caisse-supermarch-/system/Database/MySQLi/Connection.php:231
Stack trace:
#0 /home/harena/Documents/ITU/S4/Système d’information/Caisse-supermarch-/system/Database/BaseConnection.php(555): CodeIgniter\Database\MySQLi\Connection->connect()
#1 /home/harena/Documents/ITU/S4/Système d’information/Caisse-supermarch-/system/Database/Database.php(74): CodeIgniter\Database\BaseConnection->initialize()
#2 /home/harena/Documents/ITU/S4/Système d’information/Caisse-supermarch-/system/Database/Config.php(111): CodeIgniter\Database\Database->loadForge()
#3 /home/harena/Documents/ITU/S4/Système d’information/Caisse-supermarch-/system/Database/Seeder.php(103): CodeIgniter\Database\Config::forge()
#4 /home/harena/Documents/ITU/S4/Système d’information/Caisse-supermarch-/system/Commands/Database/Seed.php(71): CodeIgniter\Database\Seeder->__construct()
#5 /home/harena/Documents/ITU/S4/Système d’information/Caisse-supermarch-/system/CLI/Commands.php(74): CodeIgniter\Commands\Database\Seed->run()
#6 /home/harena/Documents/ITU/S4/Système d’information/Caisse-supermarch-/system/CLI/Console.php(47): CodeIgniter\CLI\Commands->run()
#7 /home/harena/Documents/ITU/S4/Système d’information/Caisse-supermarch-/system/Boot.php(442): CodeIgniter\CLI\Console->run()
#8 /home/harena/Documents/ITU/S4/Système d’information/Caisse-supermarch-/system/Boot.php(166): CodeIgniter\Boot::runCommand()
#9 /home/harena/Documents/ITU/S4/Système d’information/Caisse-supermarch-/spark(87): CodeIgniter\Boot::bootSpark()
#10 {main}
CRITICAL - 2026-06-17 06:21:03 --> CodeIgniter\Database\Exceptions\DatabaseException: Unable to connect to the database.
Main connection [MySQLi]: No such file or directory
[Method: CLI, Route: db:seed/DemoSeeder]
in SYSTEMPATH/Database/BaseConnection.php on line 606.
 1 SYSTEMPATH/Database/Database.php(74): CodeIgniter\Database\BaseConnection->initialize()
 2 SYSTEMPATH/Database/Config.php(111): CodeIgniter\Database\Database->loadForge()
 3 SYSTEMPATH/Database/Seeder.php(103): CodeIgniter\Database\Config::forge()
 4 SYSTEMPATH/Commands/Database/Seed.php(71): CodeIgniter\Database\Seeder->__construct()
 5 SYSTEMPATH/CLI/Commands.php(74): CodeIgniter\Commands\Database\Seed->run()
 6 SYSTEMPATH/CLI/Console.php(47): CodeIgniter\CLI\Commands->run()
 7 SYSTEMPATH/Boot.php(442): CodeIgniter\CLI\Console->run()
 8 SYSTEMPATH/Boot.php(166): CodeIgniter\Boot::runCommand()
 9 ROOTPATH/spark(87): CodeIgniter\Boot::bootSpark()
ERROR - 2026-06-17 06:22:51 --> Error connecting to the database: mysqli_sql_exception: Connection refused in /home/harena/Documents/ITU/S4/Système d’information/Caisse-supermarch-/system/Database/MySQLi/Connection.php:201
Stack trace:
#0 /home/harena/Documents/ITU/S4/Système d’information/Caisse-supermarch-/system/Database/MySQLi/Connection.php(201): mysqli->real_connect()
#1 /home/harena/Documents/ITU/S4/Système d’information/Caisse-supermarch-/system/Database/BaseConnection.php(555): CodeIgniter\Database\MySQLi\Connection->connect()
#2 /home/harena/Documents/ITU/S4/Système d’information/Caisse-supermarch-/system/Database/BaseConnection.php(795): CodeIgniter\Database\BaseConnection->initialize()
#3 /home/harena/Documents/ITU/S4/Système d’information/Caisse-supermarch-/system/Database/BaseConnection.php(1706): CodeIgniter\Database\BaseConnection->query()
#4 /home/harena/Documents/ITU/S4/Système d’information/Caisse-supermarch-/system/Database/BaseConnection.php(1726): CodeIgniter\Database\BaseConnection->listTables()
#5 /home/harena/Documents/ITU/S4/Système d’information/Caisse-supermarch-/system/Database/MigrationRunner.php(821): CodeIgniter\Database\BaseConnection->tableExists()
#6 /home/harena/Documents/ITU/S4/Système d’information/Caisse-supermarch-/system/Database/MigrationRunner.php(173): CodeIgniter\Database\MigrationRunner->ensureTable()
#7 /home/harena/Documents/ITU/S4/Système d’information/Caisse-supermarch-/system/Commands/Database/Migrate.php(89): CodeIgniter\Database\MigrationRunner->latest()
#8 /home/harena/Documents/ITU/S4/Système d’information/Caisse-supermarch-/system/CLI/SignalTrait.php(245): CodeIgniter\Commands\Database\Migrate::{closure:CodeIgniter\Commands\Database\Migrate::run():88}()
#9 /home/harena/Documents/ITU/S4/Système d’information/Caisse-supermarch-/system/Commands/Database/Migrate.php(88): CodeIgniter\Commands\Database\Migrate->withSignalsBlocked()
#10 /home/harena/Documents/ITU/S4/Système d’information/Caisse-supermarch-/system/CLI/Commands.php(74): CodeIgniter\Commands\Database\Migrate->run()
#11 /home/harena/Documents/ITU/S4/Système d’information/Caisse-supermarch-/system/CLI/Console.php(47): CodeIgniter\CLI\Commands->run()
#12 /home/harena/Documents/ITU/S4/Système d’information/Caisse-supermarch-/system/Boot.php(442): CodeIgniter\CLI\Console->run()
#13 /home/harena/Documents/ITU/S4/Système d’information/Caisse-supermarch-/system/Boot.php(166): CodeIgniter\Boot::runCommand()
#14 /home/harena/Documents/ITU/S4/Système d’information/Caisse-supermarch-/spark(87): CodeIgniter\Boot::bootSpark()
#15 {main}

Next CodeIgniter\Database\Exceptions\DatabaseException: Connection refused in /home/harena/Documents/ITU/S4/Système d’information/Caisse-supermarch-/system/Database/MySQLi/Connection.php:231
Stack trace:
#0 /home/harena/Documents/ITU/S4/Système d’information/Caisse-supermarch-/system/Database/BaseConnection.php(555): CodeIgniter\Database\MySQLi\Connection->connect()
#1 /home/harena/Documents/ITU/S4/Système d’information/Caisse-supermarch-/system/Database/BaseConnection.php(795): CodeIgniter\Database\BaseConnection->initialize()
#2 /home/harena/Documents/ITU/S4/Système d’information/Caisse-supermarch-/system/Database/BaseConnection.php(1706): CodeIgniter\Database\BaseConnection->query()
#3 /home/harena/Documents/ITU/S4/Système d’information/Caisse-supermarch-/system/Database/BaseConnection.php(1726): CodeIgniter\Database\BaseConnection->listTables()
#4 /home/harena/Documents/ITU/S4/Système d’information/Caisse-supermarch-/system/Database/MigrationRunner.php(821): CodeIgniter\Database\BaseConnection->tableExists()
#5 /home/harena/Documents/ITU/S4/Système d’information/Caisse-supermarch-/system/Database/MigrationRunner.php(173): CodeIgniter\Database\MigrationRunner->ensureTable()
#6 /home/harena/Documents/ITU/S4/Système d’information/Caisse-supermarch-/system/Commands/Database/Migrate.php(89): CodeIgniter\Database\MigrationRunner->latest()
#7 /home/harena/Documents/ITU/S4/Système d’information/Caisse-supermarch-/system/CLI/SignalTrait.php(245): CodeIgniter\Commands\Database\Migrate::{closure:CodeIgniter\Commands\Database\Migrate::run():88}()
#8 /home/harena/Documents/ITU/S4/Système d’information/Caisse-supermarch-/system/Commands/Database/Migrate.php(88): CodeIgniter\Commands\Database\Migrate->withSignalsBlocked()
#9 /home/harena/Documents/ITU/S4/Système d’information/Caisse-supermarch-/system/CLI/Commands.php(74): CodeIgniter\Commands\Database\Migrate->run()
#10 /home/harena/Documents/ITU/S4/Système d’information/Caisse-supermarch-/system/CLI/Console.php(47): CodeIgniter\CLI\Commands->run()
#11 /home/harena/Documents/ITU/S4/Système d’information/Caisse-supermarch-/system/Boot.php(442): CodeIgniter\CLI\Console->run()
#12 /home/harena/Documents/ITU/S4/Système d’information/Caisse-supermarch-/system/Boot.php(166): CodeIgniter\Boot::runCommand()
#13 /home/harena/Documents/ITU/S4/Système d’information/Caisse-supermarch-/spark(87): CodeIgniter\Boot::bootSpark()
#14 {main}
ERROR - 2026-06-17 06:22:54 --> Error connecting to the database: mysqli_sql_exception: Connection refused in /home/harena/Documents/ITU/S4/Système d’information/Caisse-supermarch-/system/Database/MySQLi/Connection.php:201
Stack trace:
#0 /home/harena/Documents/ITU/S4/Système d’information/Caisse-supermarch-/system/Database/MySQLi/Connection.php(201): mysqli->real_connect()
#1 /home/harena/Documents/ITU/S4/Système d’information/Caisse-supermarch-/system/Database/BaseConnection.php(555): CodeIgniter\Database\MySQLi\Connection->connect()
#2 /home/harena/Documents/ITU/S4/Système d’information/Caisse-supermarch-/system/Database/Database.php(74): CodeIgniter\Database\BaseConnection->initialize()
#3 /home/harena/Documents/ITU/S4/Système d’information/Caisse-supermarch-/system/Database/Config.php(111): CodeIgniter\Database\Database->loadForge()
#4 /home/harena/Documents/ITU/S4/Système d’information/Caisse-supermarch-/system/Database/Seeder.php(103): CodeIgniter\Database\Config::forge()
#5 /home/harena/Documents/ITU/S4/Système d’information/Caisse-supermarch-/system/Commands/Database/Seed.php(71): CodeIgniter\Database\Seeder->__construct()
#6 /home/harena/Documents/ITU/S4/Système d’information/Caisse-supermarch-/system/CLI/Commands.php(74): CodeIgniter\Commands\Database\Seed->run()
#7 /home/harena/Documents/ITU/S4/Système d’information/Caisse-supermarch-/system/CLI/Console.php(47): CodeIgniter\CLI\Commands->run()
#8 /home/harena/Documents/ITU/S4/Système d’information/Caisse-supermarch-/system/Boot.php(442): CodeIgniter\CLI\Console->run()
#9 /home/harena/Documents/ITU/S4/Système d’information/Caisse-supermarch-/system/Boot.php(166): CodeIgniter\Boot::runCommand()
#10 /home/harena/Documents/ITU/S4/Système d’information/Caisse-supermarch-/spark(87): CodeIgniter\Boot::bootSpark()
#11 {main}

Next CodeIgniter\Database\Exceptions\DatabaseException: Connection refused in /home/harena/Documents/ITU/S4/Système d’information/Caisse-supermarch-/system/Database/MySQLi/Connection.php:231
Stack trace:
#0 /home/harena/Documents/ITU/S4/Système d’information/Caisse-supermarch-/system/Database/BaseConnection.php(555): CodeIgniter\Database\MySQLi\Connection->connect()
#1 /home/harena/Documents/ITU/S4/Système d’information/Caisse-supermarch-/system/Database/Database.php(74): CodeIgniter\Database\BaseConnection->initialize()
#2 /home/harena/Documents/ITU/S4/Système d’information/Caisse-supermarch-/system/Database/Config.php(111): CodeIgniter\Database\Database->loadForge()
#3 /home/harena/Documents/ITU/S4/Système d’information/Caisse-supermarch-/system/Database/Seeder.php(103): CodeIgniter\Database\Config::forge()
#4 /home/harena/Documents/ITU/S4/Système d’information/Caisse-supermarch-/system/Commands/Database/Seed.php(71): CodeIgniter\Database\Seeder->__construct()
#5 /home/harena/Documents/ITU/S4/Système d’information/Caisse-supermarch-/system/CLI/Commands.php(74): CodeIgniter\Commands\Database\Seed->run()
#6 /home/harena/Documents/ITU/S4/Système d’information/Caisse-supermarch-/system/CLI/Console.php(47): CodeIgniter\CLI\Commands->run()
#7 /home/harena/Documents/ITU/S4/Système d’information/Caisse-supermarch-/system/Boot.php(442): CodeIgniter\CLI\Console->run()
#8 /home/harena/Documents/ITU/S4/Système d’information/Caisse-supermarch-/system/Boot.php(166): CodeIgniter\Boot::runCommand()
#9 /home/harena/Documents/ITU/S4/Système d’information/Caisse-supermarch-/spark(87): CodeIgniter\Boot::bootSpark()
#10 {main}
CRITICAL - 2026-06-17 06:22:54 --> CodeIgniter\Database\Exceptions\DatabaseException: Unable to connect to the database.
Main connection [MySQLi]: Connection refused
[Method: CLI, Route: db:seed/DemoSeeder]
in SYSTEMPATH/Database/BaseConnection.php on line 606.
 1 SYSTEMPATH/Database/Database.php(74): CodeIgniter\Database\BaseConnection->initialize()
 2 SYSTEMPATH/Database/Config.php(111): CodeIgniter\Database\Database->loadForge()
 3 SYSTEMPATH/Database/Seeder.php(103): CodeIgniter\Database\Config::forge()
 4 SYSTEMPATH/Commands/Database/Seed.php(71): CodeIgniter\Database\Seeder->__construct()
 5 SYSTEMPATH/CLI/Commands.php(74): CodeIgniter\Commands\Database\Seed->run()
 6 SYSTEMPATH/CLI/Console.php(47): CodeIgniter\CLI\Commands->run()
 7 SYSTEMPATH/Boot.php(442): CodeIgniter\CLI\Console->run()
 8 SYSTEMPATH/Boot.php(166): CodeIgniter\Boot::runCommand()
 9 ROOTPATH/spark(87): CodeIgniter\Boot::bootSpark()
ERROR - 2026-06-17 06:26:27 --> Unable to prepare statement: no such table: caisses
in SYSTEMPATH/Database/SQLite3/Connection.php on line 164.
 1 SYSTEMPATH/Database/SQLite3/Connection.php(164): SQLite3->query()
 2 SYSTEMPATH/Database/BaseConnection.php(910): CodeIgniter\Database\SQLite3\Connection->execute()
 3 SYSTEMPATH/Database/BaseConnection.php(827): CodeIgniter\Database\BaseConnection->simpleQuery()
 4 SYSTEMPATH/Database/BaseBuilder.php(1733): CodeIgniter\Database\BaseConnection->query()
 5 APPPATH/Database/Seeds/CaisseSeeder.php(13): CodeIgniter\Database\BaseBuilder->countAllResults()
 6 SYSTEMPATH/Database/Seeder.php(155): App\Database\Seeds\CaisseSeeder->run()
 7 SYSTEMPATH/Commands/Database/Seed.php(79): CodeIgniter\Database\Seeder->call()
 8 SYSTEMPATH/CLI/Commands.php(74): CodeIgniter\Commands\Database\Seed->run()
 9 SYSTEMPATH/CLI/Console.php(47): CodeIgniter\CLI\Commands->run()
10 SYSTEMPATH/Boot.php(442): CodeIgniter\CLI\Console->run()
11 SYSTEMPATH/Boot.php(166): CodeIgniter\Boot::runCommand()
12 ROOTPATH/spark(87): CodeIgniter\Boot::bootSpark()
ERROR - 2026-06-17 06:27:20 --> Unable to prepare statement: no such table: caisses
in SYSTEMPATH/Database/SQLite3/Connection.php on line 164.
 1 SYSTEMPATH/Database/SQLite3/Connection.php(164): SQLite3->query()
 2 SYSTEMPATH/Database/BaseConnection.php(910): CodeIgniter\Database\SQLite3\Connection->execute()
 3 SYSTEMPATH/Database/BaseConnection.php(827): CodeIgniter\Database\BaseConnection->simpleQuery()
 4 SYSTEMPATH/Database/BaseBuilder.php(1733): CodeIgniter\Database\BaseConnection->query()
 5 APPPATH/Database/Seeds/CaisseSeeder.php(13): CodeIgniter\Database\BaseBuilder->countAllResults()
 6 SYSTEMPATH/Database/Seeder.php(155): App\Database\Seeds\CaisseSeeder->run()
 7 APPPATH/Database/Seeds/DatabaseSeeder.php(17): CodeIgniter\Database\Seeder->call()
 8 SYSTEMPATH/Database/Seeder.php(155): App\Database\Seeds\DatabaseSeeder->run()
 9 SYSTEMPATH/Commands/Database/Seed.php(79): CodeIgniter\Database\Seeder->call()
10 SYSTEMPATH/CLI/Commands.php(74): CodeIgniter\Commands\Database\Seed->run()
11 SYSTEMPATH/CLI/Console.php(47): CodeIgniter\CLI\Commands->run()
12 SYSTEMPATH/Boot.php(442): CodeIgniter\CLI\Console->run()
13 SYSTEMPATH/Boot.php(166): CodeIgniter\Boot::runCommand()
14 ROOTPATH/spark(87): CodeIgniter\Boot::bootSpark()
ERROR - 2026-06-17 06:27:35 --> Unable to prepare statement: no such table: produits
in SYSTEMPATH/Database/SQLite3/Connection.php on line 164.
 1 SYSTEMPATH/Database/SQLite3/Connection.php(164): SQLite3->query()
 2 SYSTEMPATH/Database/BaseConnection.php(910): CodeIgniter\Database\SQLite3\Connection->execute()
 3 SYSTEMPATH/Database/BaseConnection.php(827): CodeIgniter\Database\BaseConnection->simpleQuery()
 4 SYSTEMPATH/Database/BaseBuilder.php(1733): CodeIgniter\Database\BaseConnection->query()
 5 APPPATH/Database/Seeds/ProduitSeeder.php(13): CodeIgniter\Database\BaseBuilder->countAllResults()
 6 SYSTEMPATH/Database/Seeder.php(155): App\Database\Seeds\ProduitSeeder->run()
 7 SYSTEMPATH/Commands/Database/Seed.php(79): CodeIgniter\Database\Seeder->call()
 8 SYSTEMPATH/CLI/Commands.php(74): CodeIgniter\Commands\Database\Seed->run()
 9 SYSTEMPATH/CLI/Console.php(47): CodeIgniter\CLI\Commands->run()
10 SYSTEMPATH/Boot.php(442): CodeIgniter\CLI\Console->run()
11 SYSTEMPATH/Boot.php(166): CodeIgniter\Boot::runCommand()
12 ROOTPATH/spark(87): CodeIgniter\Boot::bootSpark()
ERROR - 2026-06-17 06:29:51 --> Unable to prepare statement: no such table: caisses
in SYSTEMPATH/Database/SQLite3/Connection.php on line 164.
 1 SYSTEMPATH/Database/SQLite3/Connection.php(164): SQLite3->query()
 2 SYSTEMPATH/Database/BaseConnection.php(910): CodeIgniter\Database\SQLite3\Connection->execute()
 3 SYSTEMPATH/Database/BaseConnection.php(827): CodeIgniter\Database\BaseConnection->simpleQuery()
 4 SYSTEMPATH/Database/BaseBuilder.php(1733): CodeIgniter\Database\BaseConnection->query()
 5 APPPATH/Database/Seeds/CaisseSeeder.php(13): CodeIgniter\Database\BaseBuilder->countAllResults()
 6 SYSTEMPATH/Database/Seeder.php(155): App\Database\Seeds\CaisseSeeder->run()
 7 APPPATH/Database/Seeds/DatabaseSeeder.php(17): CodeIgniter\Database\Seeder->call()
 8 SYSTEMPATH/Database/Seeder.php(155): App\Database\Seeds\DatabaseSeeder->run()
 9 SYSTEMPATH/Commands/Database/Seed.php(79): CodeIgniter\Database\Seeder->call()
10 SYSTEMPATH/CLI/Commands.php(74): CodeIgniter\Commands\Database\Seed->run()
11 SYSTEMPATH/CLI/Console.php(47): CodeIgniter\CLI\Commands->run()
12 SYSTEMPATH/Boot.php(442): CodeIgniter\CLI\Console->run()
13 SYSTEMPATH/Boot.php(166): CodeIgniter\Boot::runCommand()
14 ROOTPATH/spark(87): CodeIgniter\Boot::bootSpark()
CRITICAL - 2026-06-17 06:30:09 --> ErrorException: Cannot redeclare class App\Database\Migrations\CreateProduit (previously declared in /home/harena/Documents/ITU/S4/Système d’information/Caisse-supermarch-/app/Database/Migrations/2026-06-17-000002_CreateProduits.php:7)
[Method: CLI, Route: migrate]
in APPPATH/Database/Migrations/2026-06-17-000003_CreateAchats.php on line 7.
 1 [internal function]: CodeIgniter\Debug\Exceptions->shutdownHandler()
